*** Using Compiler 'V5.06 update 5 (build 528)', folder: 'D:\666\keil5 MDK\ARM\ARMCC\Bin'
Build target 'HOPE-CheroVersion_Debug'
compiling system_hc32f460.c...
compiling hc32_ll_icg.c...
compiling hc32_ll_aos.c...
compiling hc32_ll_utility.c...
compiling hc32_ll_fcg.c...
compiling hc32_ll_sram.c...
compiling hc32_ll_gpio.c...
compiling hc32_ll.c...
compiling hc32_ll_clk.c...
compiling hc32_ll_efm.c...
compiling hc32_ll_pwc.c...
compiling main.c...
compiling hc32_ll_cmp.c...
compiling hc32_ll_spi.c...
compiling hc32_ll_interrupts.c...
compiling hc32_ll_tmra.c...
compiling hc32_ll_usart.c...
compiling hc32f460_ll_interrupts_share.c...
compiling OLED.c...
compiling SW_I2C_SEN.c...
compiling SW_I2C_OLED.c...
compiling BEEPER.c...
compiling WS2812.c...
compiling multi_button.c...
compiling Encoder.c...
compiling multi_button_user.c...
compiling MPU6500.c...
hardware\MPU6500\MPU6500.c(99): warning:  #550-D: variable "fGz"  was set but never used
      float    fAx, fAy, fAz, fGx, fGy, fGz;
hardware\MPU6500\MPU6500.c: 1 warning, 0 errors
compiling timer.c...
compiling W25Q128.c...
compiling delay.c...
compiling usb_dev_ctrleptrans.c...
compiling usart.c...
compiling usb_dev_driver.c...
compiling usb_dev_int.c...
compiling hc32_ll_usb.c...
compiling usb_dev_core.c...
compiling usb_dev_stdreq.c...
compiling usb_dev_msc_bot.c...
compiling usb_dev_msc_data.c...
compiling usb_dev_msc_class.c...
compiling usb_bsp.c...
compiling usb_dev_user.c...
compiling usb_dev_msc_msd.c...
compiling usb_dev_msc_scsi.c...
compiling usb_dev_desc.c...
linking...
Program Size: Code=45632 RO-data=2740 RW-data=376 ZI-data=22272  
FromELF: creating hex file...
".\output\debug\HOPE-CheroVersion.axf" - 0 Error(s), 1 Warning(s).
Build Time Elapsed:  00:00:07
